[ldsguarding.in/index.html]
[ldsguarding.in/assets/img/favicon.png]
[backblue.gif]
[fade.gif]
[index.html]
[ldsguarding.in/assets/img/logo.png]
[cdn.jsdelivr.net/npm/bootstrap@5.3.3/dist/css/bootstrap.min.css]
[cdnjs.cloudflare.com/ajax/libs/font-awesome/6.5.2/css/all.min.css]
[cdnjs.cloudflare.com/ajax/libs/slick-carousel/1.9.0/slick.min.css]
[cdnjs.cloudflare.com/ajax/libs/slick-carousel/1.9.0/slick-theme.min.css]
[ldsguarding.in/assets/css/style.css]
[ldsguarding.in/assets/img/banner-bg.webp]
[cdnjs.cloudflare.com/ajax/libs/jquery/3.7.1/jquery.min.js]
[cdn.jsdelivr.net/npm/bootstrap@5.3.3/dist/js/bootstrap.bundle.min.js]
[cdnjs.cloudflare.com/ajax/libs/slick-carousel/1.9.0/slick.min.js]
[ldsguarding.in/assets/js/jquery.embedVideo.js]
[ldsguarding.in/assets/js/script.js]
[ldsguarding.in/assets/js/video.js]
[ldsguarding.in/assets/img/logo.webp]
[ldsguarding.in/about.html]
[ldsguarding.in/services/security-guard.html]
[ldsguarding.in/assets/img/service-img/guard.png]
[ldsguarding.in/services/security-supervisor.html]
[ldsguarding.in/assets/img/service-img/supervisor.png]
[ldsguarding.in/services/armed-pso.html]
[ldsguarding.in/assets/img/service-img/armed-pso.png]
[ldsguarding.in/services/bouncer.html]
[ldsguarding.in/assets/img/service-img/bouncer.png]
[ldsguarding.in/services/gunman.html]
[ldsguarding.in/assets/img/service-img/gunman.png]
[ldsguarding.in/services/fire-safety-expert.html]
[ldsguarding.in/assets/img/service-img/fire-safety.png]
[ldsguarding.in/services/assistant-security-officer.html]
[ldsguarding.in/assets/img/service-img/aso.png]
[ldsguarding.in/services/surveilliance-room.html]
[ldsguarding.in/assets/img/service-img/survell.png]
[ldsguarding.in/industries/banking-finance.html]
[ldsguarding.in/assets/img/service-img/finance.png]
[ldsguarding.in/industries/health-care.html]
[ldsguarding.in/assets/img/service-img/health.png]
[ldsguarding.in/industries/automotive.html]
[ldsguarding.in/assets/img/service-img/auto.png]
[ldsguarding.in/industries/education.html]
[ldsguarding.in/assets/img/service-img/education.png]
[ldsguarding.in/industries/government.html]
[ldsguarding.in/assets/img/service-img/government.png]
[ldsguarding.in/industries/infrastructure.html]
[ldsguarding.in/assets/img/service-img/infra.png]
[ldsguarding.in/industries/residential.html]
[ldsguarding.in/assets/img/service-img/residential.png]
[ldsguarding.in/industries/industrial.html]
[ldsguarding.in/assets/img/service-img/industrial.png]
[ldsguarding.in/industries/retail.html]
[ldsguarding.in/assets/img/service-img/retail.png]
[ldsguarding.in/industries/ngo.html]
[ldsguarding.in/assets/img/service-img/ngo.png]
[ldsguarding.in/our-team.html]
[ldsguarding.in/training.html]
[ldsguarding.in/gallery.html]
[ldsguarding.in/contact.html]
[ldsguarding.in/blog/index.html]
[ldsguarding.in/assets/img/banner/lds-banner-1.webp]
[ldsguarding.in/assets/img/banner/lds-banner-2.webp]
[ldsguarding.in/assets/img/banner/lds-banner-5.webp]
[ldsguarding.in/assets/img/banner/lds-banner-4.webp]
[ldsguarding.in/assets/img/banner/mobViewBan-1.webp]
[ldsguarding.in/assets/img/banner/mobViewBan-2.webp]
[ldsguarding.in/assets/img/banner/mobViewBan-3.webp]
[ldsguarding.in/assets/img/banner/mobViewBan-4.webp]
[ldsguarding.in/assets/img/guard.png]
[ldsguarding.in/assets/img/supervisor.png]
[ldsguarding.in/assets/img/pso.png]
[ldsguarding.in/assets/img/bouncer.png]
[ldsguarding.in/assets/img/gunman.png]
[ldsguarding.in/assets/img/fire.png]
[ldsguarding.in/assets/img/aso.png]
[ldsguarding.in/assets/img/cctv.png]
[ldsguarding.in/assets/img/guard-creative.webp]
[ldsguarding.in/assets/img/experience.png]
[ldsguarding.in/assets/img/availability.png]
[ldsguarding.in/assets/img/manpower.png]
[ldsguarding.in/assets/img/videoThumbnail.webp]
[ldsguarding.in/assets/img/finance.webp]
[ldsguarding.in/assets/img/health.webp]
[ldsguarding.in/assets/img/auto.webp]
[ldsguarding.in/assets/img/education.webp]
[ldsguarding.in/assets/img/government.webp]
[ldsguarding.in/industry.html]
[ldsguarding.in/assets/img/viewAll.jpg]
[ldsguarding.in/assets/img/gallery/lds-security-guarding1.webp]
[ldsguarding.in/assets/img/gallery/lds-security-guarding2.webp]
[ldsguarding.in/assets/img/gallery/lds-security-guarding3.webp]
[ldsguarding.in/assets/img/gallery/lds-security-guarding4.webp]
[ldsguarding.in/assets/img/gallery/lds-security-guarding5.webp]
[ldsguarding.in/assets/img/gallery/lds-security-guarding6.webp]
[ldsguarding.in/assets/img/gallery/lds-security-guarding7.webp]
[ldsguarding.in/assets/img/clients/caf.png]
[ldsguarding.in/assets/img/clients/gov.jpg]
[ldsguarding.in/assets/img/clients/komaki.png]
[ldsguarding.in/assets/img/clients/krbl-logo.png]
[ldsguarding.in/assets/img/clients/lpsc.jpg]
[ldsguarding.in/assets/img/clients/mahindra_logistics_logo.jpg]
[ldsguarding.in/assets/img/clients/nv_international.jpg]
[ldsguarding.in/assets/img/clients/tvs-electronics.jpg]
[ldsguarding.in/assets/img/clients/mnnit.png]
[ldsguarding.in/assets/img/clients/vrllogo.png]
[ldsguarding.in/blog/security-guard-for-apartment.html]
[ldsguarding.in/blog/blog-cms/gall/1736162258.png]
[ldsguarding.in/blog/security-guard-for-office.html]
[ldsguarding.in/blog/blog-cms/gall/1736159710.png]
[ldsguarding.in/blog/factory-security-services.html]
[ldsguarding.in/blog/blog-cms/gall/1735638704.png]
[ldsguarding.in/blog/security-agency-in-noida.html]
[ldsguarding.in/blog/blog-cms/gall/1735638695.png]
[ldsguarding.in/career.html]
[ldsguarding.in/index.html]
[cdn.jsdelivr.net/npm/bootstrap@5.3.3/dist/css/bootstrap.min.css]
[cdnjs.cloudflare.com/ajax/libs/font-awesome/6.5.2/css/all.min.css]
[cdnjs.cloudflare.com/ajax/libs/slick-carousel/1.9.0/slick.min.css]
[cdnjs.cloudflare.com/ajax/libs/slick-carousel/1.9.0/ajax-loader.gif]
[cdnjs.cloudflare.com/ajax/libs/slick-carousel/1.9.0/fonts/slick.eot]
[cdnjs.cloudflare.com/ajax/libs/slick-carousel/1.9.0/fonts/slickd41d.eot]
[cdnjs.cloudflare.com/ajax/libs/slick-carousel/1.9.0/fonts/slick.woff]
[cdnjs.cloudflare.com/ajax/libs/slick-carousel/1.9.0/fonts/slick.ttf]
[cdnjs.cloudflare.com/ajax/libs/slick-carousel/1.9.0/slick-theme.min.css]
[ldsguarding.in/assets/css/style.css]
[ldsguarding.in/assets/js/jquery.embedVideo.js]
[ldsguarding.in/assets/js/script.js]
[ldsguarding.in/assets/js/video.js]
[cdnjs.cloudflare.com/ajax/libs/slick-carousel/1.9.0/fonts/slick.svg]
[ldsguarding.in/assets/css/about.css]
[ldsguarding.in/assets/img/banner/lds-banner-about_us.jpg]
[ldsguarding.in/assets/img/guard creative_11zon.jpg]
[ldsguarding.in/assets/icons/footer.png]
[ldsguarding.in/assets/icons/footer (1).png]
[ldsguarding.in/assets/icons/footer (3).png]
[ldsguarding.in/assets/icons/5.png]
[ldsguarding.in/assets/icons/2.png]
[ldsguarding.in/assets/icons/6.png]
[ldsguarding.in/assets/icons/1.png]
[ldsguarding.in/assets/icons/3.png]
[ldsguarding.in/assets/icons/4.png]
[ldsguarding.in/assets/icons/7.png]
[ldsguarding.in/assets/img/Mission_11zon.jpg]
[ldsguarding.in/assets/img/vision_11zon.jpg]
[ldsguarding.in/assets/icons/vision1.png]
[ldsguarding.in/assets/icons/vision3.png]
[ldsguarding.in/assets/icons/vision2.png]
[ldsguarding.in/assets/icons/vision4.png]
[ldsguarding.in/assets/icons/vision5.png]
[ldsguarding.in/assets/icons/vision6.png]
[ldsguarding.in/assets/icons/vision7.png]
[ldsguarding.in/about.html]
[ldsguarding.in/assets/css/detailed_services.css]
[ldsguarding.in/assets/img/banner/security guards-compressed.jpg]
[ldsguarding.in/service.html]
[ldsguarding.in/assets/img/service-compressed.jpg]
[ldsguarding.in/assets/icons/fitness.png]
[ldsguarding.in/assets/icons/Vigilant Eyes.png]
[ldsguarding.in/assets/icons/Integrity.png]
[ldsguarding.in/assets/icons/Effective Communicator.png]
[ldsguarding.in/assets/img/industrial-compressed.jpg]
[ldsguarding.in/assets/icons/art and technology.png]
[ldsguarding.in/assets/icons/Regulatory Compliance.png]
[ldsguarding.in/assets/icons/cost effective.png]
[ldsguarding.in/assets/img/residential-compressed.jpg]
[ldsguarding.in/assets/icons/trained guard.png]
[ldsguarding.in/assets/icons/resident safety.png]
[ldsguarding.in/assets/icons/Customized Security Plans.png]
[ldsguarding.in/industrial-security-services-2/index.html]
[ldsguarding.in/assets/icons/Quick Incident Response.png]
[ldsguarding.in/residential-security/index.html]
[ldsguarding.in/assets/img/corporate-compressed.jpg]
[ldsguarding.in/assets/icons/Crisis Management.png]
[ldsguarding.in/assets/icons/Technology Integration.png]
[ldsguarding.in/assets/icons/Real-Time Monitoring.png]
[ldsguarding.in/assets/icons/risk assessment.png]
[ldsguarding.in/assets/img/Institutional Security-compressed.jpg]
[ldsguarding.in/corporate-security/index.html]
[ldsguarding.in/assets/icons/Professional Conduct.png]
[ldsguarding.in/assets/icons/Security Measures.png]
[ldsguarding.in/assets/icons/Track Record.png]
[ldsguarding.in/assets/icons/Regulatory Adherence.png]
[ldsguarding.in/assets/img/bouncer-compressed (1).jpg]
[ldsguarding.in/assets/icons/Surveillance Support.png]
[ldsguarding.in/assets/icons/Security Solutions.png]
[ldsguarding.in/assets/icons/Conflict Resolution.png]
[ldsguarding.in/institutional-security/index.html]
[ldsguarding.in/assets/icons/Crowd Management.png]
[ldsguarding.in/services/security-guard.html]
[ldsguarding.in/personal-security/index.html]
[ldsguarding.in/assets/img/banner/supervisior_banner.jpg]
[ldsguarding.in/assets/img/supervisor-top.jpg]
[ldsguarding.in/assets/icons/leader.png]
[ldsguarding.in/assets/icons/mitigation.png]
[ldsguarding.in/assets/icons/developement.png]
[ldsguarding.in/assets/icons/stackholder.png]
[ldsguarding.in/assets/icons/supervisior-security-oversight.png]
[ldsguarding.in/assets/icons/supervisor-professional-development.png]
[ldsguarding.in/assets/icons/supervisor-effective-incident-management.png]
[ldsguarding.in/assets/icons/supervisor-optimized-resource-allocation.png]
[ldsguarding.in/assets/img/security-guard-supervisor-responsibility.png]
[ldsguarding.in/assets/icons/team-leadership-icon.png]
[ldsguarding.in/assets/icons/shift-management-icon.png]
[ldsguarding.in/assets/icons/security-protocol-enforcement-icon.png]
[ldsguarding.in/assets/icons/performance-monitoring-icon.png]
[ldsguarding.in/services/security-supervisor.html]
[ldsguarding.in/assets/img/banner/pso_banner.jpg]
[ldsguarding.in/assets/img/pso-top.jpg]
[ldsguarding.in/assets/icons/law_duties.png]
[ldsguarding.in/assets/icons/Public_Safety.png]
[ldsguarding.in/assets/icons/Documentation.png]
[ldsguarding.in/assets/icons/Community.png]
[ldsguarding.in/assets/icons/assets.png]
[ldsguarding.in/assets/icons/duties.png]
[ldsguarding.in/assets/icons/public.png]
[ldsguarding.in/assets/icons/rapid.png]
[ldsguarding.in/assets/icons/protection-of-client-icon.png]
[ldsguarding.in/assets/icons/threat-assessment-icon.png]
[ldsguarding.in/assets/icons/security-planning-icon.png]
[ldsguarding.in/assets/icons/surveillance.png]
[ldsguarding.in/services/armed-pso.html]
[ldsguarding.in/assets/img/banner/personal-security-bouncer-banner.jpg]
[ldsguarding.in/assets/img/bouncer-main-img.jpg]
[ldsguarding.in/assets/img/responsibilities-of-bouncer.png]
[ldsguarding.in/assets/icons/crowd-control-icon.png]
[ldsguarding.in/assets/icons/checking-identification-icon.png]
[ldsguarding.in/assets/icons/enforcing-entry-policies-icon.png]
[ldsguarding.in/assets/icons/conflict-resolution-icon.png]
[ldsguarding.in/services/bouncer.html]
[ldsguarding.in/assets/img/banner/gunman_banner.jpg]
[ldsguarding.in/404.html]
[ldsguarding.in/assets/img/gunman-top.jpg]
[ldsguarding.in/assets/icons/safety.png]
[ldsguarding.in/assets/icons/policy.png]
[ldsguarding.in/assets/icons/threats.png]
[ldsguarding.in/assets/icons/prevention.png]
[ldsguarding.in/assets/icons/gunman-crisis-management.png]
[ldsguarding.in/assets/icons/gunman-security-strategies.png]
[ldsguarding.in/assets/icons/gunman-public-safety.png]
[ldsguarding.in/assets/icons/gunman-effective-crime.png]
[ldsguarding.in/assets/img/responsibilities-gunman-img.jpg]
[ldsguarding.in/assets/icons/security-checks-icon.png]
[ldsguarding.in/assets/icons/emergency-response-icon.png]
[ldsguarding.in/services/gunman.html]
[ldsguarding.in/assets/img/banner/fire_safetry_banner.jpg]
[ldsguarding.in/assets/img/fire_safety-top.jpg]
[ldsguarding.in/assets/icons/risk_assessment-2.png]
[ldsguarding.in/assets/icons/fire_safety_plans.png]
[ldsguarding.in/assets/icons/regulation.png]
[ldsguarding.in/assets/icons/strategies.png]
[ldsguarding.in/assets/icons/fire-risk-management.png]
[ldsguarding.in/assets/icons/fire-compliance-assurance.png]
[ldsguarding.in/assets/icons/fire-enhanced-safety-measures.png]
[ldsguarding.in/assets/icons/fire-early-detection-response.png]
[ldsguarding.in/assets/img/fire-safety-expert-responsibilities.png]
[ldsguarding.in/assets/icons/fire-prevention-icon.png]
[ldsguarding.in/assets/icons/inspections-and-audits-icon.png]
[ldsguarding.in/assets/icons/emergency-planning-icon.png]
[ldsguarding.in/assets/icons/fire-equipment-maintenance-icon.png]
[ldsguarding.in/services/fire-safety-expert.html]
[ldsguarding.in/assets/img/banner/aso_banner.jpg]
[ldsguarding.in/assets/img/aso-top.jpg]
[ldsguarding.in/assets/icons/crime_prevention.png]
[ldsguarding.in/assets/icons/emergency.png]
[ldsguarding.in/assets/icons/security_patrols.png]
[ldsguarding.in/assets/icons/collaboration.png]
[ldsguarding.in/assets/icons/aso-risk-management.png]
[ldsguarding.in/assets/icons/aso-confidence-peace-of-mind.png]
[ldsguarding.in/assets/icons/aso-professionalism-and-training.png]
[ldsguarding.in/assets/icons/aso-versatility-adaptability.png]
[ldsguarding.in/assets/img/aso-responsibility.png]
[ldsguarding.in/assets/icons/access-control-icon.png]
[ldsguarding.in/assets/icons/patrolling-and-inspections-icon.png]
[ldsguarding.in/services/assistant-security-officer.html]
[ldsguarding.in/assets/img/banner/surveilance_banner.jpg]
[ldsguarding.in/assets/img/surveillance-top-compressed.jpg]
[ldsguarding.in/assets/icons/detection.png]
[ldsguarding.in/assets/icons/Monitoring.png]
[ldsguarding.in/assets/icons/access_control.png]
[ldsguarding.in/assets/icons/Compliance.png]
[ldsguarding.in/assets/icons/surveillance-centralized-monitoring.png]
[ldsguarding.in/assets/icons/surveillance-situational-awareness.png]
[ldsguarding.in/assets/icons/surveillance-quick-response.png]
[ldsguarding.in/assets/icons/surveillance-24-7-monitoring.png]
[ldsguarding.in/assets/img/surveillance-room-operator-responsibility.png]
[ldsguarding.in/assets/icons/monitoring-icon.png]
[ldsguarding.in/assets/icons/alertness-icon.png]
[ldsguarding.in/assets/icons/incident-response-icon.png]
[ldsguarding.in/assets/icons/documentation-icon.png]
[ldsguarding.in/services/surveilliance-room.html]
[ldsguarding.in/assets/img/banner/finance_banner-compressed.jpg]
[ldsguarding.in/assets/img/fianance-top.jpg]
[ldsguarding.in/assets/icons/robbery.png]
[ldsguarding.in/assets/icons/cash_handling.png]
[ldsguarding.in/assets/icons/access_controls.png]
[ldsguarding.in/assets/icons/well_trained.png]
[ldsguarding.in/assets/icons/cost_effective.png]
[ldsguarding.in/assets/icons/client_satis.png]
[ldsguarding.in/assets/icons/customized_icon.png]
[ldsguarding.in/industries/banking-finance.html]
[ldsguarding.in/assets/img/banner/healthcare_banner-compressed.jpg]
[ldsguarding.in/assets/img/healthcare-top.jpg]
[ldsguarding.in/assets/icons/enhanced_patient.png]
[ldsguarding.in/assets/icons/medication.png]
[ldsguarding.in/assets/icons/high_stress.png]
[ldsguarding.in/assets/img/industrial-clients/health-care/health-care-clients-list-001.jpg]
[ldsguarding.in/assets/img/industrial-clients/health-care/health-care-clients-list-002.jpg]
[ldsguarding.in/assets/img/industrial-clients/health-care/health-care-clients-list-003.jpg]
[ldsguarding.in/assets/img/industrial-clients/health-care/health-care-clients-list-004.jpg]
[ldsguarding.in/industries/health-care.html]
[ldsguarding.in/assets/img/banner/auto_banner-compressed.jpg]
[ldsguarding.in/assets/img/auto-top-compressed.jpg]
[ldsguarding.in/assets/icons/vehicle_protection.png]
[ldsguarding.in/assets/icons/inventory.png]
[ldsguarding.in/assets/icons/asset_management.png]
[ldsguarding.in/assets/img/industrial-clients/automotive/automotive-clients-list-001.gif]
[ldsguarding.in/assets/img/industrial-clients/automotive/automotive-clients-list-002.jpg]
[ldsguarding.in/assets/img/industrial-clients/automotive/automotive-clients-list-003.jpg]
[ldsguarding.in/assets/img/industrial-clients/automotive/automotive-clients-list-004.png]
[ldsguarding.in/assets/img/industrial-clients/automotive/automotive-clients-list-005.jpg]
[ldsguarding.in/assets/img/industrial-clients/automotive/automotive-clients-list-006.png]
[ldsguarding.in/assets/img/industrial-clients/automotive/automotive-clients-list-007.jpg]
[ldsguarding.in/assets/img/industrial-clients/automotive/automotive-clients-list-008.png]
[ldsguarding.in/assets/img/industrial-clients/automotive/automotive-clients-list-009.png]
[ldsguarding.in/industries/automotive.html]
[ldsguarding.in/assets/img/banner/education_banner-compressed.jpg]
[ldsguarding.in/assets/img/education-top-compressed.jpg]
[ldsguarding.in/assets/icons/reputation.png]
[ldsguarding.in/assets/icons/event_support.png]
[ldsguarding.in/assets/icons/student_safety.png]
[ldsguarding.in/assets/img/industrial-clients/education/education-clients-list-001.png]
[ldsguarding.in/assets/img/industrial-clients/education/education-clients-list-002.png]
[ldsguarding.in/assets/img/industrial-clients/education/education-clients-list-003.png]
[ldsguarding.in/assets/img/industrial-clients/education/education-clients-list-004.jpg]
[ldsguarding.in/assets/img/industrial-clients/education/education-clients-list-005.jpg]
[ldsguarding.in/assets/img/industrial-clients/education/education-clients-list-006.png]
[ldsguarding.in/assets/img/industrial-clients/education/education-clients-list-007.jpg]
[ldsguarding.in/industries/education.html]
[ldsguarding.in/assets/img/banner/government_banner-compressed.jpg]
[ldsguarding.in/assets/img/governmnet-top-compressed.jpg]
[ldsguarding.in/assets/icons/infra.png]
[ldsguarding.in/assets/icons/infomation.png]
[ldsguarding.in/assets/icons/deplomatic_security.png]
[ldsguarding.in/assets/img/industrial-clients/government/government-clients-list-001.jpg]
[ldsguarding.in/assets/img/industrial-clients/government/government-clients-list-002.jpg]
[ldsguarding.in/assets/img/industrial-clients/government/government-clients-list-003.jpg]
[ldsguarding.in/assets/img/industrial-clients/government/government-clients-list-004.jpg]
[ldsguarding.in/assets/img/industrial-clients/government/government-clients-list-005.jpg]
[ldsguarding.in/assets/img/industrial-clients/government/government-clients-list-006.jpg]
[ldsguarding.in/assets/img/industrial-clients/government/government-clients-list-007.png]
[ldsguarding.in/assets/img/industrial-clients/government/government-clients-list-008.jpg]
[ldsguarding.in/assets/img/industrial-clients/government/government-clients-list-009.png]
[ldsguarding.in/assets/img/industrial-clients/government/government-clients-list-010.jpg]
[ldsguarding.in/assets/img/industrial-clients/government/government-clients-list-011.png]
[ldsguarding.in/assets/img/industrial-clients/government/government-clients-list-012.jpg]
[ldsguarding.in/assets/img/industrial-clients/government/government-clients-list-013.png]
[ldsguarding.in/assets/img/industrial-clients/government/government-clients-list-014.jpg]
[ldsguarding.in/assets/img/industrial-clients/government/government-clients-list-015.png]
[ldsguarding.in/assets/img/industrial-clients/government/government-clients-list-016.jpg]
[ldsguarding.in/assets/img/industrial-clients/government/government-clients-list-017.png]
[ldsguarding.in/assets/img/industrial-clients/government/government-clients-list-018.jpg]
[ldsguarding.in/assets/img/industrial-clients/government/government-clients-list-019.png]
[ldsguarding.in/assets/img/industrial-clients/government/government-clients-list-020.jpg]
[ldsguarding.in/assets/img/industrial-clients/government/government-clients-list-021.png]
[ldsguarding.in/assets/img/industrial-clients/government/government-clients-list-022.jpg]
[ldsguarding.in/assets/img/industrial-clients/government/government-clients-list-023.png]
[ldsguarding.in/assets/img/industrial-clients/government/government-clients-list-024.jpg]
[ldsguarding.in/assets/img/industrial-clients/government/government-clients-list-025.png]
[ldsguarding.in/assets/img/industrial-clients/government/government-clients-list-026.png]
[ldsguarding.in/assets/img/industrial-clients/government/government-clients-list-027.png]
[ldsguarding.in/assets/img/industrial-clients/government/government-clients-list-028.png]
[ldsguarding.in/assets/img/industrial-clients/government/government-clients-list-029.png]
[ldsguarding.in/assets/img/industrial-clients/government/government-clients-list-030.jpg]
[ldsguarding.in/assets/img/industrial-clients/government/government-clients-list-031.jpg]
[ldsguarding.in/assets/img/industrial-clients/government/government-clients-list-032.png]
[ldsguarding.in/assets/img/industrial-clients/government/government-clients-list-033.png]
[ldsguarding.in/industries/government.html]
[ldsguarding.in/assets/img/banner/infra_banner-compressed.jpg]
[ldsguarding.in/assets/img/infra-top.jpg]
[ldsguarding.in/assets/icons/asset_pro1.png]
[ldsguarding.in/assets/icons/workers2.png]
[ldsguarding.in/assets/icons/mitigation3.png]
[ldsguarding.in/assets/img/industrial-clients/infrastructure/infrastructure-clients-list-001.jpg]
[ldsguarding.in/assets/img/industrial-clients/infrastructure/infrastructure-clients-list-002.jpg]
[ldsguarding.in/assets/img/industrial-clients/infrastructure/infrastructure-clients-list-003.png]
[ldsguarding.in/industries/infrastructure.html]
[ldsguarding.in/assets/img/banner/residential_banner-compressed (1).jpg]
[ldsguarding.in/assets/img/Residential-top.jpg]
[ldsguarding.in/assets/icons/entrance.png]
[ldsguarding.in/assets/icons/conflict_reso.png]
[ldsguarding.in/assets/icons/visitor_manager.png]
[ldsguarding.in/industries/residential.html]
[ldsguarding.in/assets/img/banner/industrial_banner-compressed (1).jpg]
[ldsguarding.in/assets/img/industrial-top-compressed.jpg]
[ldsguarding.in/assets/icons/theft.png]
[ldsguarding.in/assets/icons/perimeter.png]
[ldsguarding.in/assets/icons/safety_compliance.png]
[ldsguarding.in/assets/img/industrial-clients/industrial/industrial-clients-list-001.png]
[ldsguarding.in/assets/img/industrial-clients/industrial/industrial-clients-list-002.jpg]
[ldsguarding.in/assets/img/industrial-clients/industrial/industrial-clients-list-003.jpg]
[ldsguarding.in/assets/img/industrial-clients/industrial/industrial-clients-list-004.jpg]
[ldsguarding.in/assets/img/industrial-clients/industrial/industrial-clients-list-005.jpg]
[ldsguarding.in/assets/img/industrial-clients/industrial/industrial-clients-list-006.jpg]
[ldsguarding.in/assets/img/industrial-clients/industrial/industrial-clients-list-007.jpg]
[ldsguarding.in/assets/img/industrial-clients/industrial/industrial-clients-list-008.jpg]
[ldsguarding.in/assets/img/industrial-clients/industrial/industrial-clients-list-009.jpg]
[ldsguarding.in/assets/img/industrial-clients/industrial/industrial-clients-list-010.jpg]
[ldsguarding.in/assets/img/industrial-clients/industrial/industrial-clients-list-011.jpg]
[ldsguarding.in/assets/img/industrial-clients/industrial/industrial-clients-list-012.png]
[ldsguarding.in/assets/img/industrial-clients/industrial/industrial-clients-list-013.png]
[ldsguarding.in/assets/img/industrial-clients/industrial/industrial-clients-list-014.jpg]
[ldsguarding.in/assets/img/industrial-clients/industrial/industrial-clients-list-015.png]
[ldsguarding.in/assets/img/industrial-clients/industrial/industrial-clients-list-016.jpg]
[ldsguarding.in/assets/img/industrial-clients/industrial/industrial-clients-list-017.jpg]
[ldsguarding.in/assets/img/industrial-clients/industrial/industrial-clients-list-018.jpg]
[ldsguarding.in/assets/img/industrial-clients/industrial/industrial-clients-list-019.png]
[ldsguarding.in/assets/img/industrial-clients/industrial/industrial-clients-list-020.jpg]
[ldsguarding.in/assets/img/industrial-clients/industrial/industrial-clients-list-021.png]
[ldsguarding.in/assets/img/industrial-clients/industrial/industrial-clients-list-022.jpg]
[ldsguarding.in/assets/img/industrial-clients/industrial/industrial-clients-list-023.png]
[ldsguarding.in/assets/img/industrial-clients/industrial/industrial-clients-list-024.jpg]
[ldsguarding.in/assets/img/industrial-clients/industrial/industrial-clients-list-025.jpg]
[ldsguarding.in/assets/img/industrial-clients/industrial/industrial-clients-list-026.jpg]
[ldsguarding.in/assets/img/industrial-clients/industrial/industrial-clients-list-027.png]
[ldsguarding.in/assets/img/industrial-clients/industrial/industrial-clients-list-028.png]
[ldsguarding.in/assets/img/industrial-clients/industrial/industrial-clients-list-029.png]
[ldsguarding.in/assets/img/industrial-clients/industrial/industrial-clients-list-030.jpg]
[ldsguarding.in/assets/img/industrial-clients/industrial/industrial-clients-list-031.jpg]
[ldsguarding.in/assets/img/industrial-clients/industrial/industrial-clients-list-032.jpg]
[ldsguarding.in/assets/img/industrial-clients/industrial/industrial-clients-list-033.jpg]
[ldsguarding.in/assets/img/industrial-clients/industrial/industrial-clients-list-034.jpg]
[ldsguarding.in/assets/img/industrial-clients/industrial/industrial-clients-list-035.jpg]
[ldsguarding.in/assets/img/industrial-clients/industrial/industrial-clients-list-036.jpg]
[ldsguarding.in/assets/img/industrial-clients/industrial/industrial-clients-list-037.jpg]
[ldsguarding.in/assets/img/industrial-clients/industrial/industrial-clients-list-038.jpg]
[ldsguarding.in/assets/img/industrial-clients/industrial/industrial-clients-list-039.svg]
[ldsguarding.in/assets/img/industrial-clients/industrial/industrial-clients-list-040.png]
[ldsguarding.in/assets/img/industrial-clients/industrial/industrial-clients-list-041.png]
[ldsguarding.in/assets/img/industrial-clients/industrial/industrial-clients-list-042.jpg]
[ldsguarding.in/assets/img/industrial-clients/industrial/industrial-clients-list-043.gif]
[ldsguarding.in/assets/img/industrial-clients/industrial/industrial-clients-list-044.png]
[ldsguarding.in/assets/img/industrial-clients/industrial/industrial-clients-list-045.jpg]
[ldsguarding.in/assets/img/industrial-clients/industrial/industrial-clients-list-046.jpg]
[ldsguarding.in/assets/img/industrial-clients/industrial/industrial-clients-list-047.jpg]
[ldsguarding.in/assets/img/industrial-clients/industrial/industrial-clients-list-048.png]
[ldsguarding.in/industries/industrial.html]
[ldsguarding.in/assets/img/banner/retail_banner-compressed.jpg]
[ldsguarding.in/assets/img/Retail-top-compressed.jpg]
[ldsguarding.in/assets/icons/deter.png]
[ldsguarding.in/assets/icons/loss_prevention.png]
[ldsguarding.in/assets/icons/improved_customer.png]
[ldsguarding.in/assets/img/industrial-clients/retail/retail-clients-list-001.png]
[ldsguarding.in/assets/img/industrial-clients/retail/retail-clients-list-002.jpg]
[ldsguarding.in/assets/img/industrial-clients/retail/retail-clients-list-003.jpg]
[ldsguarding.in/assets/img/industrial-clients/retail/retail-clients-list-004.png]
[ldsguarding.in/assets/img/industrial-clients/retail/retail-clients-list-005.jpg]
[ldsguarding.in/assets/img/industrial-clients/retail/retail-clients-list-006.jpg]
[ldsguarding.in/assets/img/industrial-clients/retail/retail-clients-list-007.jpg]
[ldsguarding.in/assets/img/industrial-clients/retail/retail-clients-list-008.jpg]
[ldsguarding.in/assets/img/industrial-clients/retail/retail-clients-list-009.jpg]
[ldsguarding.in/assets/img/industrial-clients/retail/retail-clients-list-010.jpg]
[ldsguarding.in/assets/img/industrial-clients/retail/retail-clients-list-011.jpg]
[ldsguarding.in/assets/img/industrial-clients/retail/retail-clients-list-012.png]
[ldsguarding.in/assets/img/industrial-clients/retail/retail-clients-list-013.jpg]
[ldsguarding.in/industries/retail.html]
[ldsguarding.in/assets/img/banner/ngo_banner-compressed.jpg]
[ldsguarding.in/assets/img/ngo-top-compressed.jpg]
[ldsguarding.in/assets/icons/bolstering.png]
[ldsguarding.in/assets/icons/vandalism.png]
[ldsguarding.in/assets/icons/valuable_assets.png]
[ldsguarding.in/industries/ngo.html]
[ldsguarding.in/assets/img/banner/our-team.jpg]
[ldsguarding.in/assets/img/md-pic.jpg]
[ldsguarding.in/assets/img/gallery/lds-security-guarding15.jpg]
[ldsguarding.in/assets/img/gallery/lds-security-guarding16.jpg]
[ldsguarding.in/assets/img/gallery/lds-security-guarding32.jpg]
[ldsguarding.in/assets/img/gallery/lds-security-guarding4.jpg]
[ldsguarding.in/assets/img/gallery/lds-security-guarding34.jpg]
[ldsguarding.in/assets/img/gallery/lds-security-guarding38.jpg]
[ldsguarding.in/assets/img/gallery/lds-security-guarding39.jpg]
[ldsguarding.in/assets/img/gallery/lds-security-guarding40.jpg]
[ldsguarding.in/assets/img/gallery/lds-security-guarding50.jpg]
[ldsguarding.in/our-team.html]
[ldsguarding.in/assets/img/banner/training-banner.jpg]
[ldsguarding.in/assets/img/training1.jpg]
[ldsguarding.in/assets/img/training2.jpg]
[ldsguarding.in/assets/icons/personal-assessment.png]
[ldsguarding.in/assets/icons/orientation.png]
[ldsguarding.in/assets/img/classroom-instruction-training.png]
[ldsguarding.in/assets/icons/core-concepts.png]
[ldsguarding.in/assets/icons/legal-framework.png]
[ldsguarding.in/assets/icons/communication-skills.png]
[ldsguarding.in/assets/img/training4.jpg]
[ldsguarding.in/assets/img/emergency-response-drill-training.png]
[ldsguarding.in/assets/icons/crisis-management.png]
[ldsguarding.in/assets/icons/first-aid-training.png]
[ldsguarding.in/assets/icons/evacuation-procedures.png]
[ldsguarding.in/assets/img/advace-training-program.png]
[ldsguarding.in/assets/icons/armed-security-training.png]
[ldsguarding.in/assets/icons/event-security.png]
[ldsguarding.in/assets/img/training7.jpg]
[ldsguarding.in/assets/icons/performance-assessments.png]
[ldsguarding.in/assets/img/training8.jpg]
[ldsguarding.in/assets/icons/continual-learning.png]
[ldsguarding.in/assets/icons/recertification-programs.png]
[ldsguarding.in/assets/img/certification-training.png]
[ldsguarding.in/assets/icons/certification.png]
[ldsguarding.in/assets/icons/deployment.png]
[ldsguarding.in/training.html]
[ldsguarding.in/assets/img/banner/gallery-banner.jpg]
[ldsguarding.in/assets/img/gallery/lds-security-guarding1.jpg]
[ldsguarding.in/assets/img/gallery/lds-security-guarding2.jpg]
[ldsguarding.in/assets/img/gallery/lds-security-guarding3.jpg]
[ldsguarding.in/assets/img/gallery/lds-security-guarding5.jpg]
[ldsguarding.in/assets/img/gallery/lds-security-guarding6.jpg]
[ldsguarding.in/assets/img/gallery/lds-security-guarding7.jpg]
[ldsguarding.in/assets/img/gallery/lds-security-guarding8.jpg]
[ldsguarding.in/assets/img/gallery/lds-security-guarding9.jpg]
[ldsguarding.in/assets/img/gallery/lds-security-guarding10.jpg]
[ldsguarding.in/assets/img/gallery/lds-security-guarding11.jpg]
[ldsguarding.in/assets/img/gallery/lds-security-guarding12.jpg]
[ldsguarding.in/assets/img/gallery/lds-security-guarding13.jpg]
[ldsguarding.in/assets/img/gallery/lds-security-guarding14.jpg]
[ldsguarding.in/assets/img/gallery/lds-security-guarding17.jpg]
[ldsguarding.in/assets/img/gallery/lds-security-guarding19.jpg]
[ldsguarding.in/assets/img/gallery/lds-security-guarding20.jpg]
[ldsguarding.in/assets/img/gallery/lds-security-guarding21.jpg]
[ldsguarding.in/assets/img/gallery/lds-security-guarding22.jpg]
[ldsguarding.in/assets/img/gallery/lds-security-guarding23.jpg]
[ldsguarding.in/assets/img/gallery/lds-security-guarding24.jpg]
[ldsguarding.in/assets/img/gallery/lds-security-guarding25.jpg]
[ldsguarding.in/assets/img/gallery/lds-security-guarding26.jpg]
[ldsguarding.in/assets/img/gallery/lds-security-guarding27.jpg]
[ldsguarding.in/assets/img/gallery/lds-security-guarding28.jpg]
[ldsguarding.in/assets/img/gallery/lds-security-guarding29.jpg]
[ldsguarding.in/assets/img/gallery/lds-security-guarding30.jpg]
[ldsguarding.in/assets/img/gallery/lds-security-guarding31.jpg]
[ldsguarding.in/assets/img/gallery/lds-security-guarding33.jpg]
[ldsguarding.in/assets/img/gallery/lds-security-guarding35.jpg]
[ldsguarding.in/assets/img/gallery/lds-security-guarding36.jpg]
[ldsguarding.in/assets/img/gallery/lds-security-guarding37.jpg]
[ldsguarding.in/assets/img/gallery/lds-security-guarding41.jpg]
[ldsguarding.in/assets/img/gallery/lds-security-guarding42.jpg]
[ldsguarding.in/assets/img/gallery/lds-security-guarding43.jpg]
[ldsguarding.in/assets/img/gallery/lds-security-guarding44.jpg]
[ldsguarding.in/assets/img/gallery/lds-security-guarding45.jpg]
[ldsguarding.in/assets/img/gallery/lds-security-guarding46.jpg]
[ldsguarding.in/assets/img/gallery/lds-security-guarding47.jpg]
[ldsguarding.in/assets/img/gallery/lds-security-guarding48.jpg]
[ldsguarding.in/assets/img/gallery/lds-security-guarding49.jpg]
[ldsguarding.in/assets/img/gallery/lds-security-guarding51.jpg]
[ldsguarding.in/assets/img/gallery/lds-security-guarding52.jpg]
[ldsguarding.in/assets/img/gallery/lds-security-guarding53.jpg]
[ldsguarding.in/assets/img/gallery/lds-security-guarding54.jpg]
[ldsguarding.in/assets/img/gallery/lds-security-guarding55.jpg]
[ldsguarding.in/assets/img/gallery/lds-security-guarding56.jpg]
[ldsguarding.in/assets/img/gallery/lds-security-guarding57.jpg]
[ldsguarding.in/assets/img/gallery/lds-security-guarding58.jpg]
[ldsguarding.in/assets/img/gallery/lds-security-guarding59.jpg]
[ldsguarding.in/assets/img/gallery/lds-security-guarding60.jpg]
[ldsguarding.in/assets/img/certificates/iso1.jpg]
[ldsguarding.in/assets/img/certificates/iso2.jpg]
[ldsguarding.in/assets/img/certificates/iso3.jpg]
[ldsguarding.in/assets/img/certificates/iso4.jpg]
[ldsguarding.in/assets/img/certificates/iso5.jpg]
[ldsguarding.in/assets/img/certificates/iso6.jpg]
[ldsguarding.in/assets/img/certificates/iso7.jpg]
[ldsguarding.in/assets/img/certificates/iso8.jpg]
[ldsguarding.in/assets/img/certificates/ukicl-certificate.jpg]
[ldsguarding.in/assets/img/certificates/certificate1.jpg]
[ldsguarding.in/assets/img/certificates/certificates5.jpg]
[ldsguarding.in/assets/img/certificates/certificates2.jpg]
[ldsguarding.in/assets/img/certificates/pasara-bihar.jpg]
[ldsguarding.in/assets/img/certificates/psara-delhi.jpg]
[ldsguarding.in/gallery.html]
[ldsguarding.in/blog/css/blog-details.css]
[ldsguarding.in/blog/assets/img/blog-banner.gif]
[ldsguarding.in/blog/security-agency-in-delhi.html]
[ldsguarding.in/blog/blog-cms/gall/1735635339.png]
[ldsguarding.in/blog/security-service-provider-in-noida.html]
[ldsguarding.in/blog/blog-cms/gall/1734767662.png]
[ldsguarding.in/blog/security-service-provider-in-faridabad.html]
[ldsguarding.in/blog/blog-cms/gall/1734766187.png]
[ldsguarding.in/blog/security-services-for-businesses.html]
[ldsguarding.in/blog/blog-cms/gall/1734765827.png]
[ldsguarding.in/blog/security-service-provider-in-gurugram.html]
[ldsguarding.in/blog/blog-cms/gall/1734765286.png]
[ldsguarding.in/blog/security-service-provider-in-ghaziabad.html]
[ldsguarding.in/blog/blog-cms/gall/1734764689.png]
[ldsguarding.in/blog/personal-security-guard-services.html]
[ldsguarding.in/blog/blog-cms/gall/1733117284.jpg]
[ldsguarding.in/blog/security-service-provider-in-delhi.html]
[ldsguarding.in/blog/blog-cms/gall/1733117279.jpg]
[ldsguarding.in/blog/office-security.html]
[ldsguarding.in/blog/blog-cms/gall/1733117282.jpg]
[ldsguarding.in/blog/security-service-provider.html]
[ldsguarding.in/blog/blog-cms/gall/1733117277.jpg]
[ldsguarding.in/blog/security-guard-provider-in-faridabad.html]
[ldsguarding.in/blog/blog-cms/gall/1731736295.jpg]
[ldsguarding.in/blog/security-guard-agency-in-ghaziabad.html]
[ldsguarding.in/blog/blog-cms/gall/1731736027.jpg]
[ldsguarding.in/blog/security-services-in-faridabad.html]
[ldsguarding.in/blog/blog-cms/gall/1731735777.jpg]
[ldsguarding.in/blog/security-guard-for-hospital.html]
[ldsguarding.in/blog/blog-cms/gall/1731651939.jpg]
[ldsguarding.in/blog/security-guard-for-banks.html]
[ldsguarding.in/blog/blog-cms/gall/1731651634.jpg]
[ldsguarding.in/blog/security-guard-for-celebrities.html]
[ldsguarding.in/blog/blog-cms/gall/1731651315.jpg]
[ldsguarding.in/blog/security-guard-for-construction-sites.html]
[ldsguarding.in/blog/blog-cms/gall/1731651229.jpg]
[ldsguarding.in/blog/security-guard-services-in-ghaziabad.html]
[ldsguarding.in/blog/blog-cms/gall/1729574590.jpg]
[ldsguarding.in/blog/bank-security-services.html]
[ldsguarding.in/blog/blog-cms/gall/1729574595.jpg]
[ldsguarding.in/blog/industrial-security-services.html]
[ldsguarding.in/blog/blog-cms/gall/1729574597.jpg]
[ldsguarding.in/blog/personal-security-officer.html]
[ldsguarding.in/blog/blog-cms/gall/1729574592.jpg]
[ldsguarding.in/blog/private-security-guard.html]
[ldsguarding.in/blog/blog-cms/gall/1725344535.jpg]
[ldsguarding.in/blog/corporate-security-services.html]
[ldsguarding.in/blog/blog-cms/gall/1725218331.jpg]
[ldsguarding.in/blog/security-services-in-ghaziabad.html]
[ldsguarding.in/blog/blog-cms/gall/1725261219.jpg]
[ldsguarding.in/blog/retail-security-services.html]
[ldsguarding.in/blog/blog-cms/gall/1725218328.jpg]
[ldsguarding.in/blog/hospital-security-services.html]
[ldsguarding.in/blog/blog-cms/gall/1725218324.jpg]
[ldsguarding.in/blog/security-guard-companies.html]
[ldsguarding.in/blog/blog-cms/gall/1724600248.jpg]
[ldsguarding.in/blog/security-guard-agency-in-noida.html]
[ldsguarding.in/blog/blog-cms/gall/1723115795.jpg]
[ldsguarding.in/blog/private-security-agency.html]
[ldsguarding.in/blog/blog-cms/gall/1722682281.jpg]
[ldsguarding.in/blog/security-services.html]
[ldsguarding.in/blog/blog-cms/gall/1721994416.jpg]
[ldsguarding.in/blog/security-guard-services.html]
[ldsguarding.in/blog/blog-cms/gall/1721209435.jpg]
[ldsguarding.in/blog/security-services-in-gurgaon.html]
[ldsguarding.in/blog/blog-cms/gall/1720426869.jpg]
[ldsguarding.in/blog/noida-security-services.html]
[ldsguarding.in/blog/blog-cms/gall/1720426867.jpg]
[ldsguarding.in/blog/security-guard-agency.html]
[ldsguarding.in/blog/security-guards-for-factory.html]
[ldsguarding.in/blog/blog-cms/gall/1720091426.jpg]
[ldsguarding.in/blog/24-7-security-services.html]
[ldsguarding.in/blog/blog-cms/gall/1720091431.jpg]
[ldsguarding.in/blog/security-patrol-services.html]
[ldsguarding.in/blog/blog-cms/gall/1720035113.jpg]
[ldsguarding.in/blog/building-security-services.html]
[ldsguarding.in/blog/blog-cms/gall/1720034438.jpg]
[ldsguarding.in/blog/security-guard-for-housing-society.html]
[ldsguarding.in/blog/blog-cms/gall/1719857106.jpg]
[ldsguarding.in/blog/security-guard-agency-in-delhi.html]
[ldsguarding.in/blog/blog-cms/gall/1719855674.jpg]
[ldsguarding.in/blog/cost-of-hiring-a-security-guard.html]
[ldsguarding.in/blog/blog-cms/gall/1719563144.jpg]
[ldsguarding.in/blog/top-security-guard-company.html]
[ldsguarding.in/blog/blog-cms/gall/1719518463.jpg]
[ldsguarding.in/blog/security-guard-services-in-gurgaon.html]
[ldsguarding.in/blog/blog-cms/gall/1719518458.jpg]
[ldsguarding.in/blog/security-guard-company-in-noida.html]
[ldsguarding.in/blog/blog-cms/gall/1719518232.jpg]
[ldsguarding.in/blog/security-services-in-delhi.html]
[ldsguarding.in/blog/blog-cms/gall/1719339560.jpg]
[ldsguarding.in/blog/affordable-security-guard-services.html]
[ldsguarding.in/blog/blog-cms/gall/1719231294.jpg]
[ldsguarding.in/blog/jewellery-store-security-services.html]
[ldsguarding.in/blog/blog-cms/gall/1719228898.jpg]
[ldsguarding.in/blog/essential-qualities-of-security-guards.html]
[ldsguarding.in/blog/blog-cms/gall/1718960792.jpg]
[ldsguarding.in/blog/security-services-in-noida.html]
[ldsguarding.in/blog/blog-cms/gall/1718960790.jpg]
[ldsguarding.in/blog/challenges-faced-by-a-security-guard-company.html]
[ldsguarding.in/blog/blog-cms/gall/1718796696.jpg]
[ldsguarding.in/blog/security-guard-company.html]
[ldsguarding.in/blog/blog-cms/gall/1718796699.jpg]
[ldsguarding.in/blog/security-guard-services-in-delhi.html]
[ldsguarding.in/blog/blog-cms/gall/1718796701.jpg]
[ldsguarding.in/blog/services-offered-by-best-security-guard-agency-in-noida.html]
[ldsguarding.in/blog/blog-cms/gall/1718368169.jpg]
[ldsguarding.in/blog/why-to-hire-a-private-security-company-in-noida.html]
[ldsguarding.in/blog/blog-cms/gall/1718627258.jpg]
[ldsguarding.in/blog/best-security-services-in-noida.html]
[ldsguarding.in/blog/blog-cms/gall/1718616087.jpg]
[ldsguarding.in/blog/growing-importance-of-security-services-in-gurgaon.html]
[ldsguarding.in/blog/blog-cms/gall/1718368172.jpg]
[ldsguarding.in/blog/benefits-of-hiring-professional-security-guard-services.html]
[ldsguarding.in/blog/blog-cms/gall/1718368174.jpg]
[ldsguarding.in/blog/role-of-security-guards-in-emergency-situations.html]
[ldsguarding.in/blog/blog-cms/gall/1718368163.jpg]
[ldsguarding.in/blog/how-the-best-security-guard-providers-stay-ahead.html]
[ldsguarding.in/blog/blog-cms/gall/1718342815.jpg]
[ldsguarding.in/blog/how-best-security-guard-agency-enhances-security.html]
[ldsguarding.in/blog/blog-cms/gall/1718342813.jpg]
[ldsguarding.in/blog/best-security-guard-agency-for-residential-complexes.html]
[ldsguarding.in/blog/blog-cms/gall/1718342817.jpg]
[ldsguarding.in/blog/best-security-guard-agency-in-delhi.html]
[ldsguarding.in/blog/blog-cms/gall/1718342811.jpg]
[ldsguarding.in/blog/choosing-best-security-guard-agency-in-noida.html]
[ldsguarding.in/blog/blog-cms/gall/1718368167.jpg]
[ldsguarding.in/blog/index.html]
[ldsguarding.in/assets/img/banner/contact-banner.jpg]
[ldsguarding.in/contact.html]
[ldsguarding.in/assets/img/banner/all-industries-banner.jpg]
[ldsguarding.in/assets/img/finance-banking.jpg]
[ldsguarding.in/assets/img/healthcare.jpg]
[ldsguarding.in/assets/img/auto.png]
[ldsguarding.in/assets/img/education.jpg]
[ldsguarding.in/assets/img/government.jpg]
[ldsguarding.in/assets/img/infrastructure.jpg]
[ldsguarding.in/assets/img/residential.jpg]
[ldsguarding.in/assets/img/industrial.jpg]
[ldsguarding.in/assets/img/retail.jpg]
[ldsguarding.in/assets/img/ngo.jpg]
[ldsguarding.in/industry.html]
[ldsguarding.in/blog/css/blog.css]
[ldsguarding.in/blog/security-guard-for-apartment.html]
[platform-api.sharethis.com/js/sharethis.js]
[ldsguarding.in/blog/security-guard-for-office.html]
[ldsguarding.in/blog/factory-security-services.html]
[ldsguarding.in/blog/security-agency-in-noida.html]
[ldsguarding.in/assets/img/banner/career-banner3.jpg]
[ldsguarding.in/assets/img/career-img-1.png]
[ldsguarding.in/career.html]
[cdnjs.cloudflare.com/ajax/libs/slick-carousel/1.9.0/fonts/slick.svg]
[ldsguarding.in/assets/css/about.css]
[ldsguarding.in/assets/img/elementBg.svg]
[ldsguarding.in/assets/css/detailed_services.css]
[ldsguarding.in/assets/img/banner/services-banner.jpg]
[ldsguarding.in/assets/img/all-services/guard.jpg]
[ldsguarding.in/assets/img/all-services/supervisor.jpg]
[ldsguarding.in/assets/img/all-services/pso.jpg]
[ldsguarding.in/assets/img/all-services/bouncer.jpg]
[ldsguarding.in/assets/img/all-services/gunman.jpg]
[ldsguarding.in/assets/img/all-services/fire-safety.jpg]
[ldsguarding.in/assets/img/all-services/aso.jpg]
[ldsguarding.in/assets/img/all-services/surveillance.jpg]
[ldsguarding.in/service.html]
[ldsguarding.in/assets/img/banner/industrial-security-banner.jpg]
[ldsguarding.in/assets/img/industrial-top.jpg]
[ldsguarding.in/assets/icons/industrial-employee-training.png]
[ldsguarding.in/assets/icons/industrial-risk-analysis.png]
[ldsguarding.in/assets/icons/intelligence-gathering.png]
[ldsguarding.in/assets/icons/industry-tailored-security.png]
[ldsguarding.in/assets/icons/physical-measures.png]
[ldsguarding.in/assets/icons/continuous-monitoring-improvement.png]
[ldsguarding.in/industrial-security-services-2/index.html]
[ldsguarding.in/assets/img/banner/residential-security-banner.jpg]
[ldsguarding.in/assets/img/residential-1.jpg]
[ldsguarding.in/assets/img/residential-4.jpg]
[ldsguarding.in/assets/img/estate-security.jpg]
[ldsguarding.in/assets/img/residential-5.jpg]
[ldsguarding.in/assets/img/high-value-property.jpg]
[ldsguarding.in/assets/img/residential-patrol.jpg]
[ldsguarding.in/assets/img/alarm-monitoring.jpg]
[ldsguarding.in/assets/img/home-security-assessments.jpg]
[ldsguarding.in/assets/img/family-security-planing.jpg]
[ldsguarding.in/residential-security/index.html]
[ldsguarding.in/assets/img/banner/corporate-security-banner.jpg]
[ldsguarding.in/assets/img/corporate-top.jpg]
[ldsguarding.in/assets/img/on site4-compressed.jpg]
[ldsguarding.in/assets/icons/access_c.png]
[ldsguarding.in/assets/icons/loss_pre.png]
[ldsguarding.in/assets/icons/emergency_res.png]
[ldsguarding.in/assets/img/patrol5-compressed.jpg]
[ldsguarding.in/assets/icons/perimeter_ch.png]
[ldsguarding.in/assets/icons/building_ch.png]
[ldsguarding.in/assets/icons/locking_unl.png]
[ldsguarding.in/assets/icons/alarm_resp.png]
[ldsguarding.in/assets/img/event sceurity1-compressed.jpg]
[ldsguarding.in/assets/icons/crowd_manage.png]
[ldsguarding.in/assets/icons/venue_sec.png]
[ldsguarding.in/assets/img/exec2-compressed.jpg]
[ldsguarding.in/assets/icons/threat_ass.png]
[ldsguarding.in/assets/icons/close_protection.png]
[ldsguarding.in/assets/icons/advance_work.png]
[ldsguarding.in/assets/img/Fire safety3-compressed.jpg]
[ldsguarding.in/assets/icons/maintenance_rep.png]
[ldsguarding.in/assets/icons/construction_act.png]
[ldsguarding.in/assets/icons/building_code.png]
[ldsguarding.in/assets/icons/special_even.png]
[ldsguarding.in/corporate-security/index.html]
[ldsguarding.in/assets/img/banner/institutional-security-banner.jpg]
[ldsguarding.in/assets/img/institutional-top.jpg]
[ldsguarding.in/assets/img/university-compressed.jpg]
[ldsguarding.in/assets/img/government-compressed.jpg]
[ldsguarding.in/assets/img/healthcare-compressed.jpg]
[ldsguarding.in/assets/img/cultural-compressed.jpg]
[ldsguarding.in/institutional-security/index.html]
[ldsguarding.in/assets/img/bouncer-top.jpg]
[ldsguarding.in/assets/img/executive-bouncer.jpg]
[ldsguarding.in/assets/img/celebrity guard-compressed.jpg]
[ldsguarding.in/assets/img/high profile guard-compressed.jpg]
[ldsguarding.in/assets/img/residential-bouncer.jpg]
[ldsguarding.in/assets/img/high value property-bouncer.jpg]
[ldsguarding.in/assets/img/travel-compressed.jpg]
[ldsguarding.in/assets/img/emergency response team-compressed (1).jpg]
[ldsguarding.in/assets/img/Personal Protection Services response team-compressed (1).jpg]
[ldsguarding.in/personal-security/index.html]
[ldsguarding.in/404.html]
[ldsguarding.in/assets/img/industrial-clients/industrial/industrial-clients-list-039.svg]
[ldsguarding.in/blog/css/blog-details.css]
[ldsguarding.in/blog/security-agency-in-delhi.html]
[ldsguarding.in/blog/security-service-provider-in-noida.html]
[ldsguarding.in/blog/security-service-provider-in-faridabad.html]
[ldsguarding.in/blog/security-services-for-businesses.html]
[ldsguarding.in/blog/security-service-provider-in-gurugram.html]
[ldsguarding.in/blog/security-service-provider-in-ghaziabad.html]
[ldsguarding.in/blog/personal-security-guard-services.html]
[ldsguarding.in/blog/security-service-provider-in-delhi.html]
[ldsguarding.in/blog/office-security.html]
[ldsguarding.in/blog/security-service-provider.html]
[ldsguarding.in/blog/security-guard-provider-in-faridabad.html]
[ldsguarding.in/blog/security-guard-agency-in-ghaziabad.html]
[ldsguarding.in/blog/security-services-in-faridabad.html]
[ldsguarding.in/blog/security-guard-for-hospital.html]
[ldsguarding.in/blog/security-guard-for-banks.html]
[ldsguarding.in/blog/security-guard-for-celebrities.html]
[ldsguarding.in/blog/security-guard-for-construction-sites.html]
[ldsguarding.in/blog/security-guard-services-in-ghaziabad.html]
[ldsguarding.in/blog/bank-security-services.html]
[ldsguarding.in/blog/industrial-security-services.html]
[ldsguarding.in/blog/personal-security-officer.html]
[ldsguarding.in/blog/private-security-guard.html]
[ldsguarding.in/blog/corporate-security-services.html]
[ldsguarding.in/blog/security-services-in-ghaziabad.html]
[ldsguarding.in/blog/retail-security-services.html]
[ldsguarding.in/blog/hospital-security-services.html]
[ldsguarding.in/blog/security-guard-companies.html]
[ldsguarding.in/blog/security-guard-agency-in-noida.html]
[ldsguarding.in/blog/private-security-agency.html]
[ldsguarding.in/blog/security-services.html]
[ldsguarding.in/blog/security-guard-services.html]
[ldsguarding.in/blog/security-services-in-gurgaon.html]
[ldsguarding.in/blog/noida-security-services.html]
[ldsguarding.in/blog/security-guard-agency.html]
[ldsguarding.in/blog/blog-cms/gall/1720426865.jpg]
[ldsguarding.in/blog/security-guards-for-factory.html]
[ldsguarding.in/blog/24-7-security-services.html]
[ldsguarding.in/blog/security-patrol-services.html]
[ldsguarding.in/blog/building-security-services.html]
[ldsguarding.in/blog/security-guard-for-housing-society.html]
[ldsguarding.in/blog/security-guard-agency-in-delhi.html]
[ldsguarding.in/blog/cost-of-hiring-a-security-guard.html]
[ldsguarding.in/blog/top-security-guard-company.html]
[ldsguarding.in/blog/security-guard-services-in-gurgaon.html]
[ldsguarding.in/blog/security-guard-company-in-noida.html]
[ldsguarding.in/blog/security-services-in-delhi.html]
[ldsguarding.in/blog/affordable-security-guard-services.html]
[ldsguarding.in/blog/jewellery-store-security-services.html]
[ldsguarding.in/blog/essential-qualities-of-security-guards.html]
[ldsguarding.in/blog/security-services-in-noida.html]
[ldsguarding.in/blog/challenges-faced-by-a-security-guard-company.html]
[ldsguarding.in/blog/security-guard-company.html]
[ldsguarding.in/blog/security-guard-services-in-delhi.html]
[ldsguarding.in/blog/services-offered-by-best-security-guard-agency-in-noida.html]
[ldsguarding.in/blog/why-to-hire-a-private-security-company-in-noida.html]
[ldsguarding.in/blog/best-security-services-in-noida.html]
[ldsguarding.in/blog/growing-importance-of-security-services-in-gurgaon.html]
[ldsguarding.in/blog/benefits-of-hiring-professional-security-guard-services.html]
[ldsguarding.in/blog/role-of-security-guards-in-emergency-situations.html]
[ldsguarding.in/blog/how-the-best-security-guard-providers-stay-ahead.html]
[ldsguarding.in/blog/how-best-security-guard-agency-enhances-security.html]
[ldsguarding.in/blog/best-security-guard-agency-for-residential-complexes.html]
[ldsguarding.in/blog/best-security-guard-agency-in-delhi.html]
[ldsguarding.in/blog/choosing-best-security-guard-agency-in-noida.html]
[ldsguarding.in/blog/css/blog.css]
[ldsguarding.in/assets/img/elementBg.svg]
